Analysis & Synthesis report for Lab6ShairUmama
Wed Apr  5 16:16:02 2023
Quartus Prime Version 22.1std.0 Build 915 10/25/2022 SC Lite Edition


---------------------
; Table of Contents ;
---------------------
  1. Legal Notice
  2. Analysis & Synthesis Summary
  3. Analysis & Synthesis Settings
  4. Parallel Compilation
  5. Analysis & Synthesis Source Files Read
  6. Analysis & Synthesis Resource Usage Summary
  7. Analysis & Synthesis Resource Utilization by Entity
  8. General Register Statistics
  9. Port Connectivity Checks: "SevenSegDecoder:seconds_display"
 10. Port Connectivity Checks: "SevenSegDecoder:minutes_display"
 11. Port Connectivity Checks: "SevenSegDecoder:hours_display"
 12. Port Connectivity Checks: "counter26:dut"
 13. Post-Synthesis Netlist Statistics for Top Partition
 14. Elapsed Time Per Partition
 15. Analysis & Synthesis Messages



----------------
; Legal Notice ;
----------------
Copyright (C) 2022  Intel Corporation. All rights reserved.
Your use of Intel Corporation's design tools, logic functions 
and other software and tools, and any partner logic 
functions, and any output files from any of the foregoing 
(including device programming or simulation files), and any 
associated documentation or information are expressly subject 
to the terms and conditions of the Intel Program License 
Subscription Agreement, the Intel Quartus Prime License Agreement,
the Intel FPGA IP License Agreement, or other applicable license
agreement, including, without limitation, that your use is for
the sole purpose of programming logic devices manufactured by
Intel and sold by Intel or its authorized distributors.  Please
refer to the applicable agreement for further details, at
https://fpgasoftware.intel.com/eula.



+----------------------------------------------------------------------------------+
; Analysis & Synthesis Summary                                                     ;
+---------------------------------+------------------------------------------------+
; Analysis & Synthesis Status     ; Successful - Wed Apr  5 16:16:02 2023          ;
; Quartus Prime Version           ; 22.1std.0 Build 915 10/25/2022 SC Lite Edition ;
; Revision Name                   ; Lab6ShairUmama                                 ;
; Top-level Entity Name           ; digital_clock                                  ;
; Family                          ; Cyclone V                                      ;
; Logic utilization (in ALMs)     ; N/A                                            ;
; Total registers                 ; 122                                            ;
; Total pins                      ; 55                                             ;
; Total virtual pins              ; 0                                              ;
; Total block memory bits         ; 0                                              ;
; Total DSP Blocks                ; 0                                              ;
; Total HSSI RX PCSs              ; 0                                              ;
; Total HSSI PMA RX Deserializers ; 0                                              ;
; Total HSSI TX PCSs              ; 0                                              ;
; Total HSSI PMA TX Serializers   ; 0                                              ;
; Total PLLs                      ; 0                                              ;
; Total DLLs                      ; 0                                              ;
+---------------------------------+------------------------------------------------+


+---------------------------------------------------------------------------------------------------------------------------+
; Analysis & Synthesis Settings                                                                                             ;
+---------------------------------------------------------------------------------+--------------------+--------------------+
; Option                                                                          ; Setting            ; Default Value      ;
+---------------------------------------------------------------------------------+--------------------+--------------------+
; Device                                                                          ; 5CSEMA5F31C6       ;                    ;
; Top-level entity name                                                           ; digital_clock      ; Lab6ShairUmama     ;
; Family name                                                                     ; Cyclone V          ; Cyclone V          ;
; Use smart compilation                                                           ; Off                ; Off                ;
; Enable parallel Assembler and Timing Analyzer during compilation                ; On                 ; On                 ;
; Enable compact report table                                                     ; Off                ; Off                ;
; Restructure Multiplexers                                                        ; Auto               ; Auto               ;
; MLAB Add Timing Constraints For Mixed-Port Feed-Through Mode Setting Don't Care ; Off                ; Off                ;
; Create Debugging Nodes for IP Cores                                             ; Off                ; Off                ;
; Preserve fewer node names                                                       ; On                 ; On                 ;
; Intel FPGA IP Evaluation Mode                                                   ; Enable             ; Enable             ;
; Verilog Version                                                                 ; Verilog_2001       ; Verilog_2001       ;
; VHDL Version                                                                    ; VHDL_1993          ; VHDL_1993          ;
; State Machine Processing                                                        ; Auto               ; Auto               ;
; Safe State Machine                                                              ; Off                ; Off                ;
; Extract Verilog State Machines                                                  ; On                 ; On                 ;
; Extract VHDL State Machines                                                     ; On                 ; On                 ;
; Ignore Verilog initial constructs                                               ; Off                ; Off                ;
; Iteration limit for constant Verilog loops                                      ; 5000               ; 5000               ;
; Iteration limit for non-constant Verilog loops                                  ; 250                ; 250                ;
; Add Pass-Through Logic to Inferred RAMs                                         ; On                 ; On                 ;
; Infer RAMs from Raw Logic                                                       ; On                 ; On                 ;
; Parallel Synthesis                                                              ; On                 ; On                 ;
; DSP Block Balancing                                                             ; Auto               ; Auto               ;
; NOT Gate Push-Back                                                              ; On                 ; On                 ;
; Power-Up Don't Care                                                             ; On                 ; On                 ;
; Remove Redundant Logic Cells                                                    ; Off                ; Off                ;
; Remove Duplicate Registers                                                      ; On                 ; On                 ;
; Ignore CARRY Buffers                                                            ; Off                ; Off                ;
; Ignore CASCADE Buffers                                                          ; Off                ; Off                ;
; Ignore GLOBAL Buffers                                                           ; Off                ; Off                ;
; Ignore ROW GLOBAL Buffers                                                       ; Off                ; Off                ;
; Ignore LCELL Buffers                                                            ; Off                ; Off                ;
; Ignore SOFT Buffers                                                             ; On                 ; On                 ;
; Limit AHDL Integers to 32 Bits                                                  ; Off                ; Off                ;
; Optimization Technique                                                          ; Balanced           ; Balanced           ;
; Carry Chain Length                                                              ; 70                 ; 70                 ;
; Auto Carry Chains                                                               ; On                 ; On                 ;
; Auto Open-Drain Pins                                                            ; On                 ; On                 ;
; Perform WYSIWYG Primitive Resynthesis                                           ; Off                ; Off                ;
; Auto ROM Replacement                                                            ; On                 ; On                 ;
; Auto RAM Replacement                                                            ; On                 ; On                 ;
; Auto DSP Block Replacement                                                      ; On                 ; On                 ;
; Auto Shift Register Replacement                                                 ; Auto               ; Auto               ;
; Allow Shift Register Merging across Hierarchies                                 ; Auto               ; Auto               ;
; Auto Clock Enable Replacement                                                   ; On                 ; On                 ;
; Strict RAM Replacement                                                          ; Off                ; Off                ;
; Allow Synchronous Control Signals                                               ; On                 ; On                 ;
; Force Use of Synchronous Clear Signals                                          ; Off                ; Off                ;
; Auto Resource Sharing                                                           ; Off                ; Off                ;
; Allow Any RAM Size For Recognition                                              ; Off                ; Off                ;
; Allow Any ROM Size For Recognition                                              ; Off                ; Off                ;
; Allow Any Shift Register Size For Recognition                                   ; Off                ; Off                ;
; Use LogicLock Constraints during Resource Balancing                             ; On                 ; On                 ;
; Ignore translate_off and synthesis_off directives                               ; Off                ; Off                ;
; Timing-Driven Synthesis                                                         ; On                 ; On                 ;
; Report Parameter Settings                                                       ; On                 ; On                 ;
; Report Source Assignments                                                       ; On                 ; On                 ;
; Report Connectivity Checks                                                      ; On                 ; On                 ;
; Ignore Maximum Fan-Out Assignments                                              ; Off                ; Off                ;
; Synchronization Register Chain Length                                           ; 3                  ; 3                  ;
; Power Optimization During Synthesis                                             ; Normal compilation ; Normal compilation ;
; HDL message level                                                               ; Level2             ; Level2             ;
; Suppress Register Optimization Related Messages                                 ; Off                ; Off                ;
; Number of Removed Registers Reported in Synthesis Report                        ; 5000               ; 5000               ;
; Number of Swept Nodes Reported in Synthesis Report                              ; 5000               ; 5000               ;
; Number of Inverted Registers Reported in Synthesis Report                       ; 100                ; 100                ;
; Clock MUX Protection                                                            ; On                 ; On                 ;
; Auto Gated Clock Conversion                                                     ; Off                ; Off                ;
; Block Design Naming                                                             ; Auto               ; Auto               ;
; SDC constraint protection                                                       ; Off                ; Off                ;
; Synthesis Effort                                                                ; Auto               ; Auto               ;
; Shift Register Replacement - Allow Asynchronous Clear Signal                    ; On                 ; On                 ;
; Pre-Mapping Resynthesis Optimization                                            ; Off                ; Off                ;
; Analysis & Synthesis Message Level                                              ; Medium             ; Medium             ;
; Disable Register Merging Across Hierarchies                                     ; Auto               ; Auto               ;
; Resource Aware Inference For Block RAM                                          ; On                 ; On                 ;
; Automatic Parallel Synthesis                                                    ; On                 ; On                 ;
; Partial Reconfiguration Bitstream ID                                            ; Off                ; Off                ;
+---------------------------------------------------------------------------------+--------------------+--------------------+


+------------------------------------------+
; Parallel Compilation                     ;
+----------------------------+-------------+
; Processors                 ; Number      ;
+----------------------------+-------------+
; Number detected on machine ; 8           ;
; Maximum allowed            ; 4           ;
;                            ;             ;
; Average used               ; 1.00        ;
; Maximum used               ; 4           ;
;                            ;             ;
; Usage by Processor         ; % Time Used ;
;     Processor 1            ; 100.0%      ;
;     Processors 2-4         ;   0.0%      ;
+----------------------------+-------------+


+------------------------------------------------------------------------------------------------------------------------------------------------------------------------------------+
; Analysis & Synthesis Source Files Read                                                                                                                                             ;
+----------------------------------+-----------------+-----------------+---------------------------------------------------------------------------------------------------+---------+
; File Name with User-Entered Path ; Used in Netlist ; File Type       ; File Name with Absolute Path                                                                      ; Library ;
+----------------------------------+-----------------+-----------------+---------------------------------------------------------------------------------------------------+---------+
; Components.vhd                   ; yes             ; User VHDL File  ; D:/Uni/Academic Semester 5/ECE 5500 Digital systems/LAB 6 - FINAL/Lab 6-tbworks/Components.vhd    ;         ;
; digital_clock.vhd                ; yes             ; User VHDL File  ; D:/Uni/Academic Semester 5/ECE 5500 Digital systems/LAB 6 - FINAL/Lab 6-tbworks/digital_clock.vhd ;         ;
+----------------------------------+-----------------+-----------------+---------------------------------------------------------------------------------------------------+---------+


+-----------------------------------------------------+
; Analysis & Synthesis Resource Usage Summary         ;
+---------------------------------------------+-------+
; Resource                                    ; Usage ;
+---------------------------------------------+-------+
; Estimate of Logic utilization (ALMs needed) ; 192   ;
;                                             ;       ;
; Combinational ALUT usage for logic          ; 307   ;
;     -- 7 input functions                    ; 0     ;
;     -- 6 input functions                    ; 76    ;
;     -- 5 input functions                    ; 40    ;
;     -- 4 input functions                    ; 45    ;
;     -- <=3 input functions                  ; 146   ;
;                                             ;       ;
; Dedicated logic registers                   ; 122   ;
;                                             ;       ;
; I/O pins                                    ; 55    ;
;                                             ;       ;
; Total DSP Blocks                            ; 0     ;
;                                             ;       ;
; Maximum fan-out node                        ; rtl~0 ;
; Maximum fan-out                             ; 96    ;
; Total fan-out                               ; 1774  ;
; Average fan-out                             ; 3.29  ;
+---------------------------------------------+-------+


+---------------------------------------------------------------------------------------------------------------------------------------------------------------------------------------------------------------------------------+
; Analysis & Synthesis Resource Utilization by Entity                                                                                                                                                                             ;
+--------------------------------------+---------------------+---------------------------+-------------------+------------+------+--------------+------------------------------------------------+-----------------+--------------+
; Compilation Hierarchy Node           ; Combinational ALUTs ; Dedicated Logic Registers ; Block Memory Bits ; DSP Blocks ; Pins ; Virtual Pins ; Full Hierarchy Name                            ; Entity Name     ; Library Name ;
+--------------------------------------+---------------------+---------------------------+-------------------+------------+------+--------------+------------------------------------------------+-----------------+--------------+
; |digital_clock                       ; 307 (237)           ; 122 (96)                  ; 0                 ; 0          ; 55   ; 0            ; |digital_clock                                 ; digital_clock   ; work         ;
;    |SevenSegDecoder:hours_display|   ; 10 (10)             ; 0 (0)                     ; 0                 ; 0          ; 0    ; 0            ; |digital_clock|SevenSegDecoder:hours_display   ; SevenSegDecoder ; work         ;
;    |SevenSegDecoder:minutes_display| ; 16 (16)             ; 0 (0)                     ; 0                 ; 0          ; 0    ; 0            ; |digital_clock|SevenSegDecoder:minutes_display ; SevenSegDecoder ; work         ;
;    |SevenSegDecoder:seconds_display| ; 16 (16)             ; 0 (0)                     ; 0                 ; 0          ; 0    ; 0            ; |digital_clock|SevenSegDecoder:seconds_display ; SevenSegDecoder ; work         ;
;    |counter26:dut|                   ; 28 (28)             ; 26 (26)                   ; 0                 ; 0          ; 0    ; 0            ; |digital_clock|counter26:dut                   ; counter26       ; work         ;
+--------------------------------------+---------------------+---------------------------+-------------------+------------+------+--------------+------------------------------------------------+-----------------+--------------+
Note: For table entries with two numbers listed, the numbers in parentheses indicate the number of resources of the given type used by the specific entity alone. The numbers listed outside of parentheses indicate the total resources of the given type used by the specific entity and all of its sub-entities in the hierarchy.


+------------------------------------------------------+
; General Register Statistics                          ;
+----------------------------------------------+-------+
; Statistic                                    ; Value ;
+----------------------------------------------+-------+
; Total registers                              ; 122   ;
; Number of registers using Synchronous Clear  ; 104   ;
; Number of registers using Synchronous Load   ; 0     ;
; Number of registers using Asynchronous Clear ; 96    ;
; Number of registers using Asynchronous Load  ; 0     ;
; Number of registers using Clock Enable       ; 96    ;
; Number of registers using Preset             ; 0     ;
+----------------------------------------------+-------+


+-------------------------------------------------------------+
; Port Connectivity Checks: "SevenSegDecoder:seconds_display" ;
+-------+-------+----------+----------------------------------+
; Port  ; Type  ; Severity ; Details                          ;
+-------+-------+----------+----------------------------------+
; sw[7] ; Input ; Info     ; Stuck at GND                     ;
+-------+-------+----------+----------------------------------+


+-------------------------------------------------------------+
; Port Connectivity Checks: "SevenSegDecoder:minutes_display" ;
+-------+-------+----------+----------------------------------+
; Port  ; Type  ; Severity ; Details                          ;
+-------+-------+----------+----------------------------------+
; sw[7] ; Input ; Info     ; Stuck at GND                     ;
+-------+-------+----------+----------------------------------+


+-----------------------------------------------------------+
; Port Connectivity Checks: "SevenSegDecoder:hours_display" ;
+----------+-------+----------+-----------------------------+
; Port     ; Type  ; Severity ; Details                     ;
+----------+-------+----------+-----------------------------+
; sw[7..6] ; Input ; Info     ; Stuck at GND                ;
+----------+-------+----------+-----------------------------+


+-------------------------------------------+
; Port Connectivity Checks: "counter26:dut" ;
+------+-------+----------+-----------------+
; Port ; Type  ; Severity ; Details         ;
+------+-------+----------+-----------------+
; clrb ; Input ; Info     ; Stuck at VCC    ;
; enb  ; Input ; Info     ; Stuck at VCC    ;
+------+-------+----------+-----------------+


+-----------------------------------------------------+
; Post-Synthesis Netlist Statistics for Top Partition ;
+-----------------------+-----------------------------+
; Type                  ; Count                       ;
+-----------------------+-----------------------------+
; arriav_ff             ; 122                         ;
;     ENA CLR           ; 18                          ;
;     ENA CLR SCLR      ; 78                          ;
;     SCLR              ; 26                          ;
; arriav_lcell_comb     ; 309                         ;
;     arith             ; 129                         ;
;         0 data inputs ; 1                           ;
;         1 data inputs ; 123                         ;
;         2 data inputs ; 2                           ;
;         3 data inputs ; 1                           ;
;         4 data inputs ; 2                           ;
;     normal            ; 180                         ;
;         0 data inputs ; 1                           ;
;         1 data inputs ; 1                           ;
;         2 data inputs ; 9                           ;
;         3 data inputs ; 10                          ;
;         4 data inputs ; 43                          ;
;         5 data inputs ; 40                          ;
;         6 data inputs ; 76                          ;
; boundary_port         ; 55                          ;
;                       ;                             ;
; Max LUT depth         ; 6.50                        ;
; Average LUT depth     ; 4.49                        ;
+-----------------------+-----------------------------+


+-------------------------------+
; Elapsed Time Per Partition    ;
+----------------+--------------+
; Partition Name ; Elapsed Time ;
+----------------+--------------+
; Top            ; 00:00:01     ;
+----------------+--------------+


+-------------------------------+
; Analysis & Synthesis Messages ;
+-------------------------------+
Info: *******************************************************************
Info: Running Quartus Prime Analysis & Synthesis
    Info: Version 22.1std.0 Build 915 10/25/2022 SC Lite Edition
    Info: Processing started: Wed Apr  5 16:15:48 2023
Info: Command: quartus_map --read_settings_files=on --write_settings_files=off Lab6ShairUmama -c Lab6ShairUmama
Warning (18236): Number of processors has not been specified which may cause overloading on shared machines.  Set the global assignment NUM_PARALLEL_PROCESSORS in your QSF to an appropriate value for best performance.
Info (20030): Parallel compilation is enabled and will use 4 of the 4 processors detected
Info (12021): Found 6 design units, including 3 entities, in source file components.vhd
    Info (12022): Found design unit 1: counter26bit-rtl File: D:/Uni/Academic Semester 5/ECE 5500 Digital systems/LAB 6 - FINAL/Lab 6-tbworks/Components.vhd Line: 11
    Info (12022): Found design unit 2: counter26-rtl File: D:/Uni/Academic Semester 5/ECE 5500 Digital systems/LAB 6 - FINAL/Lab 6-tbworks/Components.vhd Line: 42
    Info (12022): Found design unit 3: SevenSegDecoder-behavioral File: D:/Uni/Academic Semester 5/ECE 5500 Digital systems/LAB 6 - FINAL/Lab 6-tbworks/Components.vhd Line: 76
    Info (12023): Found entity 1: counter26bit File: D:/Uni/Academic Semester 5/ECE 5500 Digital systems/LAB 6 - FINAL/Lab 6-tbworks/Components.vhd Line: 5
    Info (12023): Found entity 2: counter26 File: D:/Uni/Academic Semester 5/ECE 5500 Digital systems/LAB 6 - FINAL/Lab 6-tbworks/Components.vhd Line: 36
    Info (12023): Found entity 3: SevenSegDecoder File: D:/Uni/Academic Semester 5/ECE 5500 Digital systems/LAB 6 - FINAL/Lab 6-tbworks/Components.vhd Line: 71
Info (12021): Found 2 design units, including 1 entities, in source file tb_counter26.vhd
    Info (12022): Found design unit 1: tb_counter26-tb_arch File: D:/Uni/Academic Semester 5/ECE 5500 Digital systems/LAB 6 - FINAL/Lab 6-tbworks/tb_counter26.vhd Line: 10
    Info (12023): Found entity 1: tb_counter26 File: D:/Uni/Academic Semester 5/ECE 5500 Digital systems/LAB 6 - FINAL/Lab 6-tbworks/tb_counter26.vhd Line: 5
Info (12021): Found 2 design units, including 1 entities, in source file decoder_test.vhd
    Info (12022): Found design unit 1: decoder_test-behavioral File: D:/Uni/Academic Semester 5/ECE 5500 Digital systems/LAB 6 - FINAL/Lab 6-tbworks/decoder_test.vhd Line: 10
    Info (12023): Found entity 1: decoder_test File: D:/Uni/Academic Semester 5/ECE 5500 Digital systems/LAB 6 - FINAL/Lab 6-tbworks/decoder_test.vhd Line: 5
Info (12021): Found 2 design units, including 1 entities, in source file digital_clock.vhd
    Info (12022): Found design unit 1: digital_clock-behavioral File: D:/Uni/Academic Semester 5/ECE 5500 Digital systems/LAB 6 - FINAL/Lab 6-tbworks/digital_clock.vhd Line: 10
    Info (12023): Found entity 1: digital_clock File: D:/Uni/Academic Semester 5/ECE 5500 Digital systems/LAB 6 - FINAL/Lab 6-tbworks/digital_clock.vhd Line: 5
Info (12127): Elaborating entity "digital_clock" for the top level hierarchy
Warning (10492): VHDL Process Statement warning at digital_clock.vhd(66): signal "SW" is read inside the Process Statement but isn't in the Process Statement's sensitivity list File: D:/Uni/Academic Semester 5/ECE 5500 Digital systems/LAB 6 - FINAL/Lab 6-tbworks/digital_clock.vhd Line: 66
Warning (10492): VHDL Process Statement warning at digital_clock.vhd(68): signal "SW" is read inside the Process Statement but isn't in the Process Statement's sensitivity list File: D:/Uni/Academic Semester 5/ECE 5500 Digital systems/LAB 6 - FINAL/Lab 6-tbworks/digital_clock.vhd Line: 68
Info (12128): Elaborating entity "counter26" for hierarchy "counter26:dut" File: D:/Uni/Academic Semester 5/ECE 5500 Digital systems/LAB 6 - FINAL/Lab 6-tbworks/digital_clock.vhd Line: 40
Info (12128): Elaborating entity "SevenSegDecoder" for hierarchy "SevenSegDecoder:hours_display" File: D:/Uni/Academic Semester 5/ECE 5500 Digital systems/LAB 6 - FINAL/Lab 6-tbworks/digital_clock.vhd Line: 94
Warning (13004): Presettable and clearable registers converted to equivalent circuits with latches. Registers power-up to an undefined state, and DEVCLRn places the registers in an undefined state.
    Warning (13310): Register "counter_hr[7]" is converted into an equivalent circuit using register "counter_hr[7]~_emulated" and latch "counter_hr[7]~1" File: D:/Uni/Academic Semester 5/ECE 5500 Digital systems/LAB 6 - FINAL/Lab 6-tbworks/digital_clock.vhd Line: 61
    Warning (13310): Register "counter_hr[6]" is converted into an equivalent circuit using register "counter_hr[6]~_emulated" and latch "counter_hr[6]~5" File: D:/Uni/Academic Semester 5/ECE 5500 Digital systems/LAB 6 - FINAL/Lab 6-tbworks/digital_clock.vhd Line: 61
    Warning (13310): Register "counter_hr[5]" is converted into an equivalent circuit using register "counter_hr[5]~_emulated" and latch "counter_hr[5]~9" File: D:/Uni/Academic Semester 5/ECE 5500 Digital systems/LAB 6 - FINAL/Lab 6-tbworks/digital_clock.vhd Line: 61
    Warning (13310): Register "counter_hr[4]" is converted into an equivalent circuit using register "counter_hr[4]~_emulated" and latch "counter_hr[4]~13" File: D:/Uni/Academic Semester 5/ECE 5500 Digital systems/LAB 6 - FINAL/Lab 6-tbworks/digital_clock.vhd Line: 61
    Warning (13310): Register "counter_hr[3]" is converted into an equivalent circuit using register "counter_hr[3]~_emulated" and latch "counter_hr[3]~17" File: D:/Uni/Academic Semester 5/ECE 5500 Digital systems/LAB 6 - FINAL/Lab 6-tbworks/digital_clock.vhd Line: 61
    Warning (13310): Register "counter_hr[2]" is converted into an equivalent circuit using register "counter_hr[2]~_emulated" and latch "counter_hr[2]~21" File: D:/Uni/Academic Semester 5/ECE 5500 Digital systems/LAB 6 - FINAL/Lab 6-tbworks/digital_clock.vhd Line: 61
    Warning (13310): Register "counter_hr[1]" is converted into an equivalent circuit using register "counter_hr[1]~_emulated" and latch "counter_hr[1]~25" File: D:/Uni/Academic Semester 5/ECE 5500 Digital systems/LAB 6 - FINAL/Lab 6-tbworks/digital_clock.vhd Line: 61
    Warning (13310): Register "counter_hr[0]" is converted into an equivalent circuit using register "counter_hr[0]~_emulated" and latch "counter_hr[0]~29" File: D:/Uni/Academic Semester 5/ECE 5500 Digital systems/LAB 6 - FINAL/Lab 6-tbworks/digital_clock.vhd Line: 61
    Warning (13310): Register "counter_min[7]" is converted into an equivalent circuit using register "counter_min[7]~_emulated" and latch "counter_min[7]~1" File: D:/Uni/Academic Semester 5/ECE 5500 Digital systems/LAB 6 - FINAL/Lab 6-tbworks/digital_clock.vhd Line: 61
    Warning (13310): Register "counter_min[6]" is converted into an equivalent circuit using register "counter_min[6]~_emulated" and latch "counter_min[6]~5" File: D:/Uni/Academic Semester 5/ECE 5500 Digital systems/LAB 6 - FINAL/Lab 6-tbworks/digital_clock.vhd Line: 61
    Warning (13310): Register "counter_min[5]" is converted into an equivalent circuit using register "counter_min[5]~_emulated" and latch "counter_min[5]~9" File: D:/Uni/Academic Semester 5/ECE 5500 Digital systems/LAB 6 - FINAL/Lab 6-tbworks/digital_clock.vhd Line: 61
    Warning (13310): Register "counter_min[4]" is converted into an equivalent circuit using register "counter_min[4]~_emulated" and latch "counter_min[4]~13" File: D:/Uni/Academic Semester 5/ECE 5500 Digital systems/LAB 6 - FINAL/Lab 6-tbworks/digital_clock.vhd Line: 61
    Warning (13310): Register "counter_min[3]" is converted into an equivalent circuit using register "counter_min[3]~_emulated" and latch "counter_min[3]~17" File: D:/Uni/Academic Semester 5/ECE 5500 Digital systems/LAB 6 - FINAL/Lab 6-tbworks/digital_clock.vhd Line: 61
    Warning (13310): Register "counter_min[2]" is converted into an equivalent circuit using register "counter_min[2]~_emulated" and latch "counter_min[2]~21" File: D:/Uni/Academic Semester 5/ECE 5500 Digital systems/LAB 6 - FINAL/Lab 6-tbworks/digital_clock.vhd Line: 61
    Warning (13310): Register "counter_min[1]" is converted into an equivalent circuit using register "counter_min[1]~_emulated" and latch "counter_min[1]~25" File: D:/Uni/Academic Semester 5/ECE 5500 Digital systems/LAB 6 - FINAL/Lab 6-tbworks/digital_clock.vhd Line: 61
    Warning (13310): Register "counter_min[0]" is converted into an equivalent circuit using register "counter_min[0]~_emulated" and latch "counter_min[0]~29" File: D:/Uni/Academic Semester 5/ECE 5500 Digital systems/LAB 6 - FINAL/Lab 6-tbworks/digital_clock.vhd Line: 61
Warning (13024): Output pins are stuck at VCC or GND
    Warning (13410): Pin "HEX5[1]" is stuck at GND File: D:/Uni/Academic Semester 5/ECE 5500 Digital systems/LAB 6 - FINAL/Lab 6-tbworks/digital_clock.vhd Line: 7
Info (286030): Timing-Driven Synthesis is running
Info (16010): Generating hard_block partition "hard_block:auto_generated_inst"
    Info (16011): Adding 0 node(s), including 0 DDIO, 0 PLL, 0 transceiver and 0 LCELL
Warning (21074): Design contains 1 input pin(s) that do not drive logic
    Warning (15610): No output dependent on input pin "KEY[1]" File: D:/Uni/Academic Semester 5/ECE 5500 Digital systems/LAB 6 - FINAL/Lab 6-tbworks/digital_clock.vhd Line: 6
Info (21057): Implemented 362 device resources after synthesis - the final resource count might be different
    Info (21058): Implemented 13 input pins
    Info (21059): Implemented 42 output pins
    Info (21061): Implemented 307 logic cells
Info: Quartus Prime Analysis & Synthesis was successful. 0 errors, 24 warnings
    Info: Peak virtual memory: 4870 megabytes
    Info: Processing ended: Wed Apr  5 16:16:02 2023
    Info: Elapsed time: 00:00:14
    Info: Total CPU time (on all processors): 00:00:33


