------------------------------------------------------------
Timing Analyzer Summary
------------------------------------------------------------

Type  : Slow 1100mV 85C Model Setup 'CLK'
Slack : -0.106
TNS   : -0.193

Type  : Slow 1100mV 85C Model Hold 'CLK'
Slack : 0.438
TNS   : 0.000

Type  : Slow 1100mV 85C Model Minimum Pulse Width 'CLK'
Slack : -0.394
TNS   : -1.052

Type  : Slow 1100mV 0C Model Setup 'CLK'
Slack : -0.094
TNS   : -0.159

Type  : Slow 1100mV 0C Model Hold 'CLK'
Slack : 0.401
TNS   : 0.000

Type  : Slow 1100mV 0C Model Minimum Pulse Width 'CLK'
Slack : -0.394
TNS   : -1.145

Type  : Fast 1100mV 85C Model Setup 'CLK'
Slack : 0.318
TNS   : 0.000

Type  : Fast 1100mV 85C Model Hold 'CLK'
Slack : 0.271
TNS   : 0.000

Type  : Fast 1100mV 85C Model Minimum Pulse Width 'CLK'
Slack : -0.077
TNS   : -0.153

Type  : Fast 1100mV 0C Model Setup 'CLK'
Slack : 0.359
TNS   : 0.000

Type  : Fast 1100mV 0C Model Hold 'CLK'
Slack : 0.245
TNS   : 0.000

Type  : Fast 1100mV 0C Model Minimum Pulse Width 'CLK'
Slack : -0.077
TNS   : -0.152

------------------------------------------------------------
